// 重构日志: d1c947e8
// 重构日志: caec0403
// 重构日志: 54c18bfd
// 重构日志: 387f7fc7
// 重构日志: 168df341
// 重构日志: 29584e02
// 重构日志: a20c87ba
// 重构日志: 419f7608
// 同步 ID: 0f93e074 @ Mon Jul 27 11:46:00 UTC 2026
// 同步 ID: aea56d9f @ Tue Jul 28 00:35:41 UTC 2026
// 重构日志: 0ceb5686
// 重构日志: 5798202c
// 重构日志: acdfcd0c
// 重构日志: 9a006de7
// 重构日志: d30d7919
// 同步 ID: 30ecd4e8 @ Sat Aug  1 04:18:05 UTC 2026
// 同步 ID: c3ed8e74 @ Sat Aug  1 06:51:15 UTC 2026
// 同步 ID: 16fe87ee @ Sun Aug  2 11:53:07 UTC 2026
// 重构日志: dd0412be
// 重构日志: cbf14510
// 重构日志: 03593deb
// 同步 ID: 9a796731 @ Tue Aug  4 00:22:38 UTC 2026
// 同步 ID: 7380e650 @ Wed Aug  5 12:53:58 UTC 2026
// 重构日志: 0e183b79
// 重构日志: 5d7e7ad6
// 重构日志: b03ad94a
// 重构日志: 2c31d6c5
// 重构日志: 755c4c69
// 重构日志: 625d864a
// 同步 ID: dc1720f2 @ Fri Aug  7 22:03:58 UTC 2026
// 重构日志: 31badbca
// 重构日志: 467074ff
// 重构日志: 475876b0
// 重构日志: fe3dc075
// 重构日志: 2141121f
// 重构日志: 8cc6ae5a
// 重构日志: 03d25bc0
